\BOOKMARK [1][-]{section.1}{\376\377\000U\000n\000i\000t\000\040\0001\000\040\040\024\000\040\000I\000n\000t\000r\000o\000d\000u\000c\000t\000i\000o\000n\000\040\000t\000o\000\040\000C\000o\000d\000i\000n\000g\000\040\000a\000n\000d\000\040\000C\000r\000y\000p\000t\000o\000g\000r\000a\000p\000h\000y}{}% 1
\BOOKMARK [2][-]{subsection.1.1}{\376\377\000S\000h\000o\000r\000t\000\040\000I\000n\000t\000r\000o\000d\000u\000c\000t\000i\000o\000n}{section.1}% 2
\BOOKMARK [3][-]{subsubsection.1.1.1}{\376\377\000D\000i\000g\000i\000t\000a\000l\000\040\000C\000o\000m\000m\000u\000n\000i\000c\000a\000t\000i\000o\000n\000\040\000S\000y\000s\000t\000e\000m}{subsection.1.1}% 3
\BOOKMARK [3][-]{subsubsection.1.1.2}{\376\377\000B\000i\000t\000\040\000E\000r\000r\000o\000r\000s\000\040\000a\000n\000d\000\040\000N\000o\000i\000s\000e}{subsection.1.1}% 4
\BOOKMARK [3][-]{subsubsection.1.1.3}{\376\377\000T\000w\000o\000\040\000B\000a\000s\000i\000c\000\040\000S\000t\000r\000a\000t\000e\000g\000i\000e\000s\000\040\000f\000o\000r\000\040\000B\000i\000t\000\040\000E\000r\000r\000o\000r\000s}{subsection.1.1}% 5
\BOOKMARK [2][-]{subsection.1.2}{\376\377\000B\000a\000s\000i\000c\000s\000\040\000o\000f\000\040\000C\000r\000y\000p\000t\000o\000g\000r\000a\000p\000h\000y}{section.1}% 6
\BOOKMARK [3][-]{subsubsection.1.2.1}{\376\377\000C\000r\000y\000p\000t\000o\000l\000o\000g\000y\000,\000\040\000C\000r\000y\000p\000t\000o\000g\000r\000a\000p\000h\000y\000\040\000a\000n\000d\000\040\000C\000r\000y\000p\000t\000a\000n\000a\000l\000y\000s\000i\000s}{subsection.1.2}% 7
\BOOKMARK [3][-]{subsubsection.1.2.2}{\376\377\000F\000o\000u\000r\000\040\000M\000a\000i\000n\000\040\000G\000o\000a\000l\000s\000\040\000o\000f\000\040\000C\000r\000y\000p\000t\000o\000g\000r\000a\000p\000h\000y}{subsection.1.2}% 8
\BOOKMARK [3][-]{subsubsection.1.2.3}{\376\377\000B\000a\000s\000i\000c\000\040\000L\000a\000n\000g\000u\000a\000g\000e\000\040\000o\000f\000\040\000C\000r\000y\000p\000t\000o\000g\000r\000a\000p\000h\000y}{subsection.1.2}% 9
\BOOKMARK [3][-]{subsubsection.1.2.4}{\376\377\000K\000e\000y\000\040\000S\000p\000a\000c\000e\000\040\000a\000n\000d\000\040\000K\000e\000y\000\040\000L\000e\000n\000g\000t\000h}{subsection.1.2}% 10
\BOOKMARK [3][-]{subsubsection.1.2.5}{\376\377\000C\000l\000a\000s\000s\000i\000c\000a\000l\000\040\000C\000i\000p\000h\000e\000r\000s}{subsection.1.2}% 11
\BOOKMARK [3][-]{subsubsection.1.2.6}{\376\377\000C\000a\000e\000s\000a\000r\000\040\000C\000i\000p\000h\000e\000r}{subsection.1.2}% 12
\BOOKMARK [3][-]{subsubsection.1.2.7}{\376\377\000M\000o\000n\000o\000a\000l\000p\000h\000a\000b\000e\000t\000i\000c\000\040\000S\000u\000b\000s\000t\000i\000t\000u\000t\000i\000o\000n\000\040\000a\000n\000d\000\040\000F\000r\000e\000q\000u\000e\000n\000c\000y\000\040\000A\000n\000a\000l\000y\000s\000i\000s}{subsection.1.2}% 13
\BOOKMARK [3][-]{subsubsection.1.2.8}{\376\377\000P\000o\000l\000y\000a\000l\000p\000h\000a\000b\000e\000t\000i\000c\000\040\000S\000u\000b\000s\000t\000i\000t\000u\000t\000i\000o\000n\000\040\000a\000n\000d\000\040\000V\000i\000g\000e\000n\000\350\000r\000e\000\040\000C\000i\000p\000h\000e\000r}{subsection.1.2}% 14
\BOOKMARK [3][-]{subsubsection.1.2.9}{\376\377\000C\000o\000l\000u\000m\000n\000a\000r\000\040\000T\000r\000a\000n\000s\000p\000o\000s\000i\000t\000i\000o\000n}{subsection.1.2}% 15
\BOOKMARK [3][-]{subsubsection.1.2.10}{\376\377\000K\000e\000r\000c\000k\000h\000o\000f\000f\000s\000'\000s\000\040\000P\000r\000i\000n\000c\000i\000p\000l\000e\000\040\000a\000n\000d\000\040\000S\000e\000c\000u\000r\000i\000t\000y\000\040\000b\000y\000\040\000O\000b\000s\000c\000u\000r\000i\000t\000y}{subsection.1.2}% 16
\BOOKMARK [2][-]{subsection.1.3}{\376\377\000M\000o\000d\000u\000l\000o\000\040\000A\000r\000i\000t\000h\000m\000e\000t\000i\000c\000\040\000f\000o\000r\000\040\000C\000r\000y\000p\000t\000o\000g\000r\000a\000p\000h\000y}{section.1}% 17
\BOOKMARK [3][-]{subsubsection.1.3.1}{\376\377\000M\000o\000d\000u\000l\000o\000\040\000R\000e\000p\000r\000e\000s\000e\000n\000t\000a\000t\000i\000o\000n}{subsection.1.3}% 18
\BOOKMARK [3][-]{subsubsection.1.3.2}{\376\377\000C\000o\000n\000g\000r\000u\000e\000n\000c\000e\000\040\000P\000r\000e\000s\000e\000r\000v\000e\000d\000\040\000b\000y\000\040\000A\000r\000i\000t\000h\000m\000e\000t\000i\000c}{subsection.1.3}% 19
\BOOKMARK [3][-]{subsubsection.1.3.3}{\376\377\000A\000\040\000D\000i\000v\000i\000s\000i\000b\000i\000l\000i\000t\000y\000\040\000R\000u\000l\000e\000\040\000f\000r\000o\000m\000\040\000M\000o\000d\000u\000l\000o\000\040\000A\000r\000i\000t\000h\000m\000e\000t\000i\000c}{subsection.1.3}% 20
\BOOKMARK [2][-]{subsection.1.4}{\376\377\000B\000a\000s\000i\000c\000s\000\040\000o\000f\000\040\000E\000r\000r\000o\000r\000\040\000D\000e\000t\000e\000c\000t\000i\000o\000n\000\040\000a\000n\000d\000\040\000C\000o\000r\000r\000e\000c\000t\000i\000o\000n}{section.1}% 21
\BOOKMARK [3][-]{subsubsection.1.4.1}{\376\377\000H\000K\000I\000D\000\040\000E\000x\000a\000m\000p\000l\000e}{subsection.1.4}% 22
\BOOKMARK [3][-]{subsubsection.1.4.2}{\376\377\000S\000i\000n\000g\000l\000e\000\040\000P\000a\000r\000i\000t\000y\000\040\000C\000h\000e\000c\000k}{subsection.1.4}% 23
\BOOKMARK [3][-]{subsubsection.1.4.3}{\376\377\000T\000w\000o\000-\000D\000i\000m\000e\000n\000s\000i\000o\000n\000a\000l\000\040\000P\000a\000r\000i\000t\000y\000\040\000C\000h\000e\000c\000k}{subsection.1.4}% 24
\BOOKMARK [3][-]{subsubsection.1.4.4}{\376\377\000R\000e\000p\000e\000t\000i\000t\000i\000o\000n\000\040\000C\000o\000d\000e}{subsection.1.4}% 25
\BOOKMARK [3][-]{subsubsection.1.4.5}{\376\377\000\050\000n\000,\000k\000\051\000\040\000B\000i\000n\000a\000r\000y\000\040\000C\000o\000d\000e\000s}{subsection.1.4}% 26
\BOOKMARK [3][-]{subsubsection.1.4.6}{\376\377\000A\000\040\000N\000o\000n\000-\000S\000y\000s\000t\000e\000m\000a\000t\000i\000c\000\040\000E\000x\000a\000m\000p\000l\000e}{subsection.1.4}% 27
\BOOKMARK [3][-]{subsubsection.1.4.7}{\376\377\000C\000o\000d\000e\000\040\000R\000a\000t\000e}{subsection.1.4}% 28
\BOOKMARK [3][-]{subsubsection.1.4.8}{\376\377\000H\000a\000m\000m\000i\000n\000g\000\040\000C\000o\000d\000e}{subsection.1.4}% 29
\BOOKMARK [1][-]{section.2}{\376\377\000U\000n\000i\000t\000\040\0002\000\040\040\024\000\040\000F\000u\000n\000c\000t\000i\000o\000n\000s}{}% 30
\BOOKMARK [2][-]{subsection.2.1}{\376\377\000O\000p\000e\000n\000i\000n\000g\000\040\000I\000d\000e\000a\000:\000\040\000D\000i\000f\000f\000e\000r\000e\000n\000t\000\040\000S\000i\000z\000e\000s\000\040\000o\000f\000\040\000I\000n\000f\000i\000n\000i\000t\000y}{section.2}% 31
\BOOKMARK [2][-]{subsection.2.2}{\376\377\000S\000e\000t\000s}{section.2}% 32
\BOOKMARK [3][-]{subsubsection.2.2.1}{\376\377\000O\000r\000d\000e\000r\000e\000d\000\040\000P\000a\000i\000r\000s}{subsection.2.2}% 33
\BOOKMARK [3][-]{subsubsection.2.2.2}{\376\377\000C\000a\000r\000t\000e\000s\000i\000a\000n\000\040\000P\000r\000o\000d\000u\000c\000t}{subsection.2.2}% 34
\BOOKMARK [3][-]{subsubsection.2.2.3}{\376\377\000P\000o\000w\000e\000r\000\040\000S\000e\000t}{subsection.2.2}% 35
\BOOKMARK [3][-]{subsubsection.2.2.4}{\376\377\000P\000a\000r\000t\000i\000t\000i\000o\000n\000s}{subsection.2.2}% 36
\BOOKMARK [2][-]{subsection.2.3}{\376\377\000F\000u\000n\000c\000t\000i\000o\000n\000s}{section.2}% 37
\BOOKMARK [3][-]{subsubsection.2.3.1}{\376\377\000I\000n\000v\000e\000r\000s\000e\000\040\000I\000m\000a\000g\000e}{subsection.2.3}% 38
\BOOKMARK [3][-]{subsubsection.2.3.2}{\376\377\000C\000o\000m\000p\000o\000s\000i\000t\000i\000o\000n\000\040\000o\000f\000\040\000F\000u\000n\000c\000t\000i\000o\000n\000s}{subsection.2.3}% 39
\BOOKMARK [3][-]{subsubsection.2.3.3}{\376\377\000C\000o\000m\000p\000o\000s\000i\000t\000i\000o\000n\000\040\000E\000x\000a\000m\000p\000l\000e}{subsection.2.3}% 40
\BOOKMARK [2][-]{subsection.2.4}{\376\377\000I\000n\000j\000e\000c\000t\000i\000o\000n\000s\000\040\000a\000n\000d\000\040\000S\000u\000r\000j\000e\000c\000t\000i\000o\000n\000s}{section.2}% 41
\BOOKMARK [3][-]{subsubsection.2.4.1}{\376\377\000I\000d\000e\000n\000t\000i\000t\000y\000\040\000F\000u\000n\000c\000t\000i\000o\000n}{subsection.2.4}% 42
\BOOKMARK [3][-]{subsubsection.2.4.2}{\376\377\000I\000n\000v\000e\000r\000s\000e\000\040\000F\000u\000n\000c\000t\000i\000o\000n}{subsection.2.4}% 43
\BOOKMARK [3][-]{subsubsection.2.4.3}{\376\377\000I\000m\000p\000o\000r\000t\000a\000n\000t\000\040\000C\000o\000u\000n\000t\000e\000r\000e\000x\000a\000m\000p\000l\000e}{subsection.2.4}% 44
\BOOKMARK [3][-]{subsubsection.2.4.4}{\376\377\000A\000\040\000F\000l\000o\000o\000r\000-\000F\000u\000n\000c\000t\000i\000o\000n\000\040\000E\000x\000a\000m\000p\000l\000e}{subsection.2.4}% 45
\BOOKMARK [3][-]{subsubsection.2.4.5}{\376\377\000M\000o\000d\000u\000l\000o\000-\0001\0000\000\040\000F\000u\000n\000c\000t\000i\000o\000n}{subsection.2.4}% 46
\BOOKMARK [2][-]{subsection.2.5}{\376\377\000C\000o\000u\000n\000t\000a\000b\000l\000e\000\040\000a\000n\000d\000\040\000U\000n\000c\000o\000u\000n\000t\000a\000b\000l\000e\000\040\000S\000e\000t\000s}{section.2}% 47
\BOOKMARK [3][-]{subsubsection.2.5.1}{\376\377\000C\000o\000u\000n\000t\000a\000b\000l\000e\000\040\000E\000x\000a\000m\000p\000l\000e\000s}{subsection.2.5}% 48
\BOOKMARK [3][-]{subsubsection.2.5.2}{\376\377\000U\000n\000i\000o\000n\000\040\000o\000f\000\040\000C\000o\000u\000n\000t\000a\000b\000l\000e\000\040\000S\000e\000t\000s}{subsection.2.5}% 49
\BOOKMARK [3][-]{subsubsection.2.5.3}{\376\377\000U\000n\000c\000o\000u\000n\000t\000a\000b\000i\000l\000i\000t\000y\000\040\000o\000f\000\040\000a\000n\000\040\000I\000n\000t\000e\000r\000v\000a\000l}{subsection.2.5}% 50
\BOOKMARK [2][-]{subsection.2.6}{\376\377\000H\000a\000s\000h\000\040\000F\000u\000n\000c\000t\000i\000o\000n\000s}{section.2}% 51
\BOOKMARK [3][-]{subsubsection.2.6.1}{\376\377\000O\000v\000e\000r\000f\000l\000o\000w}{subsection.2.6}% 52
\BOOKMARK [3][-]{subsubsection.2.6.2}{\376\377\000W\000h\000y\000\040\000a\000\040\000F\000i\000x\000e\000d\000-\000L\000e\000n\000g\000t\000h\000\040\000H\000a\000s\000h\000\040\000C\000a\000n\000n\000o\000t\000\040\000B\000e\000\040\000a\000n\000\040\000I\000n\000j\000e\000c\000t\000i\000o\000n\000\040\000H\000e\000r\000e}{subsection.2.6}% 53
\BOOKMARK [1][-]{section.3}{\376\377\000U\000n\000i\000t\000\040\0003\000\040\040\024\000\040\000R\000e\000l\000a\000t\000i\000o\000n\000s}{}% 54
\BOOKMARK [2][-]{subsection.3.1}{\376\377\000D\000e\000f\000i\000n\000i\000t\000i\000o\000n\000\040\000o\000f\000\040\000R\000e\000l\000a\000t\000i\000o\000n\000s}{section.3}% 55
\BOOKMARK [3][-]{subsubsection.3.1.1}{\376\377\000R\000e\000l\000a\000t\000i\000o\000n\000\040\000v\000e\000r\000s\000u\000s\000\040\000F\000u\000n\000c\000t\000i\000o\000n}{subsection.3.1}% 56
\BOOKMARK [3][-]{subsubsection.3.1.2}{\376\377\000I\000n\000v\000e\000r\000s\000e\000\040\000R\000e\000l\000a\000t\000i\000o\000n}{subsection.3.1}% 57
\BOOKMARK [3][-]{subsubsection.3.1.3}{\376\377\000C\000o\000m\000p\000o\000s\000i\000t\000i\000o\000n\000\040\000o\000f\000\040\000R\000e\000l\000a\000t\000i\000o\000n\000s}{subsection.3.1}% 58
\BOOKMARK [3][-]{subsubsection.3.1.4}{\376\377\000k\000-\000a\000r\000y\000\040\000R\000e\000l\000a\000t\000i\000o\000n\000s}{subsection.3.1}% 59
\BOOKMARK [3][-]{subsubsection.3.1.5}{\376\377\000D\000i\000r\000e\000c\000t\000e\000d\000\040\000G\000r\000a\000p\000h\000\040\000R\000e\000p\000r\000e\000s\000e\000n\000t\000a\000t\000i\000o\000n}{subsection.3.1}% 60
\BOOKMARK [2][-]{subsection.3.2}{\376\377\000P\000r\000o\000p\000e\000r\000t\000i\000e\000s\000\040\000o\000f\000\040\000R\000e\000l\000a\000t\000i\000o\000n\000s}{section.3}% 61
\BOOKMARK [3][-]{subsubsection.3.2.1}{\376\377\000C\000o\000n\000g\000r\000u\000e\000n\000c\000e\000\040\000M\000o\000d\000u\000l\000o\000\040\0003}{subsection.3.2}% 62
\BOOKMARK [3][-]{subsubsection.3.2.2}{\376\377\000D\000i\000v\000i\000s\000i\000b\000i\000l\000i\000t\000y\000\040\000a\000s\000\040\000a\000\040\000R\000e\000l\000a\000t\000i\000o\000n}{subsection.3.2}% 63
\BOOKMARK [2][-]{subsection.3.3}{\376\377\000E\000q\000u\000i\000v\000a\000l\000e\000n\000c\000e\000\040\000R\000e\000l\000a\000t\000i\000o\000n\000s}{section.3}% 64
\BOOKMARK [3][-]{subsubsection.3.3.1}{\376\377\000M\000o\000t\000i\000v\000a\000t\000i\000o\000n}{subsection.3.3}% 65
\BOOKMARK [3][-]{subsubsection.3.3.2}{\376\377\000P\000a\000r\000t\000i\000t\000i\000o\000n\000-\000I\000n\000d\000u\000c\000e\000d\000\040\000R\000e\000l\000a\000t\000i\000o\000n}{subsection.3.3}% 66
\BOOKMARK [3][-]{subsubsection.3.3.3}{\376\377\000T\000e\000s\000t\000\040\0001\000\040\000P\000a\000r\000t\000i\000t\000i\000o\000n\000\040\000E\000x\000a\000m\000p\000l\000e}{subsection.3.3}% 67
\BOOKMARK [2][-]{subsection.3.4}{\376\377\000E\000q\000u\000i\000v\000a\000l\000e\000n\000c\000e\000\040\000C\000l\000a\000s\000s\000e\000s}{section.3}% 68
\BOOKMARK [3][-]{subsubsection.3.4.1}{\376\377\000P\000r\000o\000o\000f\000\040\000o\000f\000\040\000t\000h\000e\000\040\000D\000i\000s\000j\000o\000i\000n\000t\000-\000o\000r\000-\000E\000q\000u\000a\000l\000\040\000P\000r\000o\000p\000e\000r\000t\000y}{subsection.3.4}% 69
\BOOKMARK [3][-]{subsubsection.3.4.2}{\376\377\000E\000q\000u\000i\000v\000a\000l\000e\000n\000c\000e\000\040\000C\000l\000a\000s\000s\000\040\000E\000x\000a\000m\000p\000l\000e}{subsection.3.4}% 70
\BOOKMARK [2][-]{subsection.3.5}{\376\377\000M\000o\000r\000e\000\040\000E\000x\000a\000m\000p\000l\000e\000s\000\040\000o\000f\000\040\000E\000q\000u\000i\000v\000a\000l\000e\000n\000c\000e\000\040\000R\000e\000l\000a\000t\000i\000o\000n\000s}{section.3}% 71
\BOOKMARK [3][-]{subsubsection.3.5.1}{\376\377\000B\000i\000n\000a\000r\000y\000\040\000S\000e\000q\000u\000e\000n\000c\000e\000s\000\040\000b\000y\000\040\000P\000a\000r\000i\000t\000y\000\040\000o\000f\000\040\000N\000u\000m\000b\000e\000r\000\040\000o\000f\000\040\0001\000s}{subsection.3.5}% 72
\BOOKMARK [3][-]{subsubsection.3.5.2}{\376\377\000L\000o\000g\000i\000c\000\040\000C\000i\000r\000c\000u\000i\000t\000\040\000E\000q\000u\000i\000v\000a\000l\000e\000n\000c\000e}{subsection.3.5}% 73
\BOOKMARK [3][-]{subsubsection.3.5.3}{\376\377\000C\000a\000l\000e\000n\000d\000a\000r\000\040\000M\000o\000d\000u\000l\000o\000\040\0007}{subsection.3.5}% 74
\BOOKMARK [3][-]{subsubsection.3.5.4}{\376\377\000P\000u\000r\000e\000\040\000M\000a\000t\000h\000e\000m\000a\000t\000i\000c\000s\000\040\000E\000x\000a\000m\000p\000l\000e}{subsection.3.5}% 75
\BOOKMARK [3][-]{subsubsection.3.5.5}{\376\377\000R\000e\000l\000a\000t\000i\000o\000n\000\040\000E\000x\000a\000m\000p\000l\000e}{subsection.3.5}% 76
\BOOKMARK [1][-]{section.4}{\376\377\000U\000n\000i\000t\000\040\0004\000\040\040\024\000\040\000D\000i\000v\000i\000s\000i\000b\000i\000l\000i\000t\000y\000\040\000a\000n\000d\000\040\000E\000u\000c\000l\000i\000d\000e\000a\000n\000\040\000A\000l\000g\000o\000r\000i\000t\000h\000m}{}% 77
\BOOKMARK [2][-]{subsection.4.1}{\376\377\000N\000u\000m\000b\000e\000r\000\040\000T\000h\000e\000o\000r\000y\000\040\000a\000n\000d\000\040\000C\000r\000y\000p\000t\000o\000g\000r\000a\000p\000h\000y}{section.4}% 78
\BOOKMARK [2][-]{subsection.4.2}{\376\377\000D\000i\000v\000i\000s\000i\000b\000i\000l\000i\000t\000y}{section.4}% 79
\BOOKMARK [3][-]{subsubsection.4.2.1}{\376\377\000D\000i\000v\000i\000s\000i\000b\000i\000l\000i\000t\000y\000\040\000a\000s\000\040\000a\000\040\000R\000e\000l\000a\000t\000i\000o\000n}{subsection.4.2}% 80
\BOOKMARK [3][-]{subsubsection.4.2.2}{\376\377\000Q\000u\000o\000t\000i\000e\000n\000t\000-\000R\000e\000m\000a\000i\000n\000d\000e\000r\000\040\000T\000h\000e\000o\000r\000e\000m}{subsection.4.2}% 81
\BOOKMARK [2][-]{subsection.4.3}{\376\377\000P\000r\000i\000m\000e\000s\000\040\000a\000n\000d\000\040\000C\000o\000-\000p\000r\000i\000m\000e\000s}{section.4}% 82
\BOOKMARK [3][-]{subsubsection.4.3.1}{\376\377\000I\000n\000f\000i\000n\000i\000t\000e\000l\000y\000\040\000M\000a\000n\000y\000\040\000P\000r\000i\000m\000e\000s}{subsection.4.3}% 83
\BOOKMARK [3][-]{subsubsection.4.3.2}{\376\377\000G\000r\000e\000a\000t\000e\000s\000t\000\040\000C\000o\000m\000m\000o\000n\000\040\000D\000i\000v\000i\000s\000o\000r}{subsection.4.3}% 84
\BOOKMARK [3][-]{subsubsection.4.3.3}{\376\377\000E\000u\000l\000e\000r\000'\000s\000\040\000T\000o\000t\000i\000e\000n\000t\000\040\000F\000u\000n\000c\000t\000i\000o\000n}{subsection.4.3}% 85
\BOOKMARK [2][-]{subsection.4.4}{\376\377\000E\000u\000c\000l\000i\000d\000e\000a\000n\000\040\000A\000l\000g\000o\000r\000i\000t\000h\000m}{section.4}% 86
\BOOKMARK [3][-]{subsubsection.4.4.1}{\376\377\000T\000h\000r\000e\000e\000\040\000W\000a\000y\000s\000\040\000t\000o\000\040\000C\000o\000m\000p\000u\000t\000e\000\040\000a\000\040\000G\000C\000D}{subsection.4.4}% 87
\BOOKMARK [3][-]{subsubsection.4.4.2}{\376\377\000E\000u\000c\000l\000i\000d\000e\000a\000n\000\040\000A\000l\000g\000o\000r\000i\000t\000h\000m}{subsection.4.4}% 88
\BOOKMARK [2][-]{subsection.4.5}{\376\377\000E\000x\000t\000e\000n\000d\000e\000d\000\040\000E\000u\000c\000l\000i\000d\000e\000a\000n\000\040\000A\000l\000g\000o\000r\000i\000t\000h\000m}{section.4}% 89
\BOOKMARK [2][-]{subsection.4.6}{\376\377\000F\000u\000n\000d\000a\000m\000e\000n\000t\000a\000l\000\040\000T\000h\000e\000o\000r\000e\000m\000\040\000o\000f\000\040\000A\000r\000i\000t\000h\000m\000e\000t\000i\000c}{section.4}% 90
\BOOKMARK [3][-]{subsubsection.4.6.1}{\376\377\000E\000u\000c\000l\000i\000d\000'\000s\000\040\000L\000e\000m\000m\000a}{subsection.4.6}% 91
\BOOKMARK [1][-]{section.5}{\376\377\000U\000n\000i\000t\000\040\0005\000\040\040\024\000\040\000M\000o\000d\000u\000l\000a\000r\000\040\000A\000r\000i\000t\000h\000m\000e\000t\000i\000c\000\040\000a\000n\000d\000\040\000C\000h\000i\000n\000e\000s\000e\000\040\000R\000e\000m\000a\000i\000n\000d\000e\000r\000\040\000T\000h\000e\000o\000r\000e\000m}{}% 92
\BOOKMARK [2][-]{subsection.5.1}{\376\377\000W\000h\000a\000t\000\040\000i\000s\000\040\000M\000o\000d\000u\000l\000a\000r\000\040\000A\000r\000i\000t\000h\000m\000e\000t\000i\000c\000?}{section.5}% 93
\BOOKMARK [3][-]{subsubsection.5.1.1}{\376\377\000F\000i\000e\000l\000d\000\040\000I\000d\000e\000a}{subsection.5.1}% 94
\BOOKMARK [3][-]{subsubsection.5.1.2}{\376\377\000A\000r\000i\000t\000h\000m\000e\000t\000i\000c\000\040\000u\000n\000d\000e\000r\000\040\000C\000o\000n\000g\000r\000u\000e\000n\000c\000e}{subsection.5.1}% 95
\BOOKMARK [2][-]{subsection.5.2}{\376\377\000D\000i\000o\000p\000h\000a\000n\000t\000i\000n\000e\000\040\000E\000q\000u\000a\000t\000i\000o\000n\000s}{section.5}% 96
\BOOKMARK [2][-]{subsection.5.3}{\376\377\000M\000o\000d\000u\000l\000a\000r\000\040\000D\000i\000v\000i\000s\000i\000o\000n}{section.5}% 97
\BOOKMARK [3][-]{subsubsection.5.3.1}{\376\377\000W\000h\000y\000\040\000d\000i\000v\000i\000s\000i\000o\000n\000\040\000i\000s\000\040\000d\000i\000f\000f\000e\000r\000e\000n\000t}{subsection.5.3}% 98
\BOOKMARK [3][-]{subsubsection.5.3.2}{\376\377\000D\000i\000v\000i\000s\000i\000o\000n\000\040\000M\000o\000d\000u\000l\000o\000\040\000a\000\040\000P\000r\000i\000m\000e}{subsection.5.3}% 99
\BOOKMARK [2][-]{subsection.5.4}{\376\377\000M\000o\000d\000u\000l\000a\000r\000\040\000E\000x\000p\000o\000n\000e\000n\000t\000i\000a\000t\000i\000o\000n}{section.5}% 100
\BOOKMARK [3][-]{subsubsection.5.4.1}{\376\377\000F\000e\000r\000m\000a\000t\000'\000s\000\040\000L\000i\000t\000t\000l\000e\000\040\000T\000h\000e\000o\000r\000e\000m}{subsection.5.4}% 101
\BOOKMARK [3][-]{subsubsection.5.4.2}{\376\377\000E\000u\000l\000e\000r\000'\000s\000\040\000T\000h\000e\000o\000r\000e\000m}{subsection.5.4}% 102
\BOOKMARK [2][-]{subsection.5.5}{\376\377\000C\000h\000i\000n\000e\000s\000e\000\040\000R\000e\000m\000a\000i\000n\000d\000e\000r\000\040\000T\000h\000e\000o\000r\000e\000m}{section.5}% 103
\BOOKMARK [3][-]{subsubsection.5.5.1}{\376\377\000M\000o\000t\000i\000v\000a\000t\000i\000n\000g\000\040\000E\000x\000a\000m\000p\000l\000e\000s}{subsection.5.5}% 104
\BOOKMARK [3][-]{subsubsection.5.5.2}{\376\377\000S\000u\000n\000z\000i\000'\000s\000\040\0003\000-\0005\000-\0007\000\040\000P\000r\000o\000b\000l\000e\000m}{subsection.5.5}% 105
\BOOKMARK [3][-]{subsubsection.5.5.3}{\376\377\000W\000h\000y\000\040\000C\000R\000T\000\040\000M\000a\000t\000t\000e\000r\000s\000\040\000L\000a\000t\000e\000r}{subsection.5.5}% 106
\BOOKMARK [2][-]{subsection.5.6}{\376\377\000S\000a\000g\000e\000M\000a\000t\000h}{section.5}% 107
\BOOKMARK [1][-]{section.6}{\376\377\000U\000n\000i\000t\000\040\0006\000\040\040\024\000\040\000P\000u\000b\000l\000i\000c\000\040\000K\000e\000y\000\040\000C\000r\000y\000p\000t\000o\000g\000r\000a\000p\000h\000y}{}% 108
\BOOKMARK [2][-]{subsection.6.1}{\376\377\000C\000y\000b\000e\000r\000s\000e\000c\000u\000r\000i\000t\000y\000\040\000E\000t\000h\000i\000c\000s}{section.6}% 109
\BOOKMARK [3][-]{subsubsection.6.1.1}{\376\377\000C\000o\000d\000e\000s\000\040\000o\000f\000\040\000E\000t\000h\000i\000c\000s}{subsection.6.1}% 110
\BOOKMARK [3][-]{subsubsection.6.1.2}{\376\377\000\050\000I\000S\000C\000\051\0002\000\040\000C\000o\000d\000e\000\040\000o\000f\000\040\000E\000t\000h\000i\000c\000s}{subsection.6.1}% 111
\BOOKMARK [3][-]{subsubsection.6.1.3}{\376\377\000C\000y\000b\000e\000r\000s\000e\000c\000u\000r\000i\000t\000y\000\040\000E\000x\000a\000m\000p\000l\000e}{subsection.6.1}% 112
\BOOKMARK [3][-]{subsubsection.6.1.4}{\376\377\000T\000y\000p\000e\000s\000\040\000o\000f\000\040\000H\000a\000c\000k\000e\000r\000s}{subsection.6.1}% 113
\BOOKMARK [2][-]{subsection.6.2}{\376\377\000P\000u\000b\000l\000i\000c\000\040\000K\000e\000y\000\040\000C\000r\000y\000p\000t\000o\000g\000r\000a\000p\000h\000y}{section.6}% 114
\BOOKMARK [3][-]{subsubsection.6.2.1}{\376\377\000T\000w\000o\000\040\000P\000r\000o\000b\000l\000e\000m\000s\000\040\000M\000o\000t\000i\000v\000a\000t\000i\000n\000g\000\040\000P\000u\000b\000l\000i\000c\000-\000K\000e\000y\000\040\000C\000r\000y\000p\000t\000o\000g\000r\000a\000p\000h\000y}{subsection.6.2}% 115
\BOOKMARK [3][-]{subsubsection.6.2.2}{\376\377\000T\000w\000o\000\040\000M\000a\000i\000n\000\040\000M\000o\000t\000i\000v\000a\000t\000i\000o\000n\000s}{subsection.6.2}% 116
\BOOKMARK [3][-]{subsubsection.6.2.3}{\376\377\000P\000u\000b\000l\000i\000c\000-\000K\000e\000y\000\040\000R\000e\000q\000u\000i\000r\000e\000m\000e\000n\000t\000s}{subsection.6.2}% 117
\BOOKMARK [3][-]{subsubsection.6.2.4}{\376\377\000T\000r\000a\000p\000d\000o\000o\000r\000\040\000O\000n\000e\000-\000W\000a\000y\000\040\000F\000u\000n\000c\000t\000i\000o\000n\000s}{subsection.6.2}% 118
\BOOKMARK [3][-]{subsubsection.6.2.5}{\376\377\000T\000h\000r\000e\000e\000\040\000F\000a\000m\000i\000l\000i\000e\000s\000\040\000M\000e\000n\000t\000i\000o\000n\000e\000d}{subsection.6.2}% 119
\BOOKMARK [3][-]{subsubsection.6.2.6}{\376\377\000W\000h\000y\000\040\000P\000u\000b\000l\000i\000c\000-\000K\000e\000y\000\040\000S\000y\000s\000t\000e\000m\000s\000\040\000A\000r\000e\000\040\000U\000s\000u\000a\000l\000l\000y\000\040\000U\000s\000e\000d\000\040\000t\000o\000\040\000S\000e\000t\000\040\000U\000p\000\040\000a\000\040\000S\000e\000s\000s\000i\000o\000n\000\040\000K\000e\000y}{subsection.6.2}% 120
\BOOKMARK [3][-]{subsubsection.6.2.7}{\376\377\000H\000T\000T\000P\000S\000\040\000a\000n\000d\000\040\000S\000S\000L\000/\000T\000L\000S\000\040\000W\000o\000r\000k\000f\000l\000o\000w}{subsection.6.2}% 121
\BOOKMARK [3][-]{subsubsection.6.2.8}{\376\377\000D\000i\000g\000i\000t\000a\000l\000\040\000S\000i\000g\000n\000a\000t\000u\000r\000e\000s}{subsection.6.2}% 122
\BOOKMARK [3][-]{subsubsection.6.2.9}{\376\377\000H\000a\000s\000h\000-\000T\000h\000e\000n\000-\000S\000i\000g\000n}{subsection.6.2}% 123
\BOOKMARK [2][-]{subsection.6.3}{\376\377\000R\000S\000A\000\040\000C\000r\000y\000p\000t\000o\000s\000y\000s\000t\000e\000m\000s}{section.6}% 124
\BOOKMARK [3][-]{subsubsection.6.3.1}{\376\377\000B\000a\000c\000k\000g\000r\000o\000u\000n\000d}{subsection.6.3}% 125
\BOOKMARK [3][-]{subsubsection.6.3.2}{\376\377\000P\000r\000e\000p\000a\000r\000i\000n\000g\000\040\000t\000h\000e\000\040\000M\000e\000s\000s\000a\000g\000e}{subsection.6.3}% 126
\BOOKMARK [3][-]{subsubsection.6.3.3}{\376\377\000R\000S\000A\000\040\000K\000e\000y\000\040\000G\000e\000n\000e\000r\000a\000t\000i\000o\000n}{subsection.6.3}% 127
\BOOKMARK [3][-]{subsubsection.6.3.4}{\376\377\000R\000S\000A\000\040\000E\000n\000c\000r\000y\000p\000t\000i\000o\000n\000\040\000a\000n\000d\000\040\000D\000e\000c\000r\000y\000p\000t\000i\000o\000n}{subsection.6.3}% 128
\BOOKMARK [3][-]{subsubsection.6.3.5}{\376\377\000W\000h\000y\000\040\000R\000S\000A\000\040\000W\000o\000r\000k\000s}{subsection.6.3}% 129
\BOOKMARK [3][-]{subsubsection.6.3.6}{\376\377\000W\000h\000y\000\040\000F\000a\000c\000t\000o\000r\000i\000n\000g\000\040\000M\000a\000t\000t\000e\000r\000s\000\040\000f\000o\000r\000\040\000R\000S\000A\000\040\000S\000e\000c\000u\000r\000i\000t\000y}{subsection.6.3}% 130
\BOOKMARK [2][-]{subsection.6.4}{\376\377\000D\000i\000f\000f\000i\000e\000-\000H\000e\000l\000l\000m\000a\000n\000\040\000K\000e\000y\000\040\000E\000x\000c\000h\000a\000n\000g\000e}{section.6}% 131
\BOOKMARK [3][-]{subsubsection.6.4.1}{\376\377\000D\000i\000s\000c\000r\000e\000t\000e\000\040\000L\000o\000g\000a\000r\000i\000t\000h\000m}{subsection.6.4}% 132
\BOOKMARK [3][-]{subsubsection.6.4.2}{\376\377\000G\000F\000\050\000p\000\051\000,\000\040\000O\000r\000d\000e\000r\000\040\000a\000n\000d\000\040\000P\000r\000i\000m\000i\000t\000i\000v\000e\000\040\000E\000l\000e\000m\000e\000n\000t\000s}{subsection.6.4}% 133
\BOOKMARK [3][-]{subsubsection.6.4.3}{\376\377\000D\000i\000f\000f\000i\000e\000-\000H\000e\000l\000l\000m\000a\000n\000\040\000P\000r\000o\000t\000o\000c\000o\000l}{subsection.6.4}% 134
\BOOKMARK [3][-]{subsubsection.6.4.4}{\376\377\000W\000h\000y\000\040\000a\000\040\000P\000a\000s\000s\000i\000v\000e\000\040\000E\000v\000e\000\040\000H\000a\000s\000\040\000D\000i\000f\000f\000i\000c\000u\000l\000t\000y}{subsection.6.4}% 135
\BOOKMARK [3][-]{subsubsection.6.4.5}{\376\377\000M\000a\000n\000-\000i\000n\000-\000t\000h\000e\000-\000M\000i\000d\000d\000l\000e\000\040\000A\000t\000t\000a\000c\000k}{subsection.6.4}% 136
\BOOKMARK [2][-]{subsection.6.5}{\376\377\000E\000l\000\040\000G\000a\000m\000a\000l\000\040\000C\000r\000y\000p\000t\000o\000s\000y\000s\000t\000e\000m\000s}{section.6}% 137
\BOOKMARK [3][-]{subsubsection.6.5.1}{\376\377\000K\000e\000y\000\040\000G\000e\000n\000e\000r\000a\000t\000i\000o\000n}{subsection.6.5}% 138
\BOOKMARK [3][-]{subsubsection.6.5.2}{\376\377\000E\000n\000c\000r\000y\000p\000t\000i\000o\000n}{subsection.6.5}% 139
\BOOKMARK [3][-]{subsubsection.6.5.3}{\376\377\000D\000e\000c\000r\000y\000p\000t\000i\000o\000n}{subsection.6.5}% 140
\BOOKMARK [1][-]{section.7}{\376\377\000U\000n\000i\000t\000\040\0007\000\040\040\024\000\040\000D\000i\000g\000i\000t\000a\000l\000\040\000C\000e\000r\000t\000i\000f\000i\000c\000a\000t\000e}{}% 141
\BOOKMARK [2][-]{subsection.7.1}{\376\377\000M\000o\000t\000i\000v\000a\000t\000i\000o\000n\000:\000\040\000I\000d\000e\000n\000t\000i\000t\000y\000\040\000V\000e\000r\000i\000f\000i\000c\000a\000t\000i\000o\000n\000\040\000P\000r\000o\000b\000l\000e\000m}{section.7}% 142
\BOOKMARK [2][-]{subsection.7.2}{\376\377\000P\000u\000b\000l\000i\000c\000-\000K\000e\000y\000\040\000A\000u\000t\000h\000o\000r\000i\000t\000y}{section.7}% 143
\BOOKMARK [2][-]{subsection.7.3}{\376\377\000D\000i\000g\000i\000t\000a\000l\000\040\000C\000e\000r\000t\000i\000f\000i\000c\000a\000t\000e\000s}{section.7}% 144
\BOOKMARK [2][-]{subsection.7.4}{\376\377\000I\000s\000s\000u\000i\000n\000g\000\040\000a\000\040\000D\000i\000g\000i\000t\000a\000l\000\040\000C\000e\000r\000t\000i\000f\000i\000c\000a\000t\000e}{section.7}% 145
\BOOKMARK [2][-]{subsection.7.5}{\376\377\000U\000s\000i\000n\000g\000\040\000a\000\040\000D\000i\000g\000i\000t\000a\000l\000\040\000C\000e\000r\000t\000i\000f\000i\000c\000a\000t\000e}{section.7}% 146
\BOOKMARK [2][-]{subsection.7.6}{\376\377\000X\000.\0005\0000\0009}{section.7}% 147
\BOOKMARK [3][-]{subsubsection.7.6.1}{\376\377\000X\000.\0005\0000\0009\000\040\000C\000e\000r\000t\000i\000f\000i\000c\000a\000t\000e\000\040\000S\000t\000r\000u\000c\000t\000u\000r\000e}{subsection.7.6}% 148
\BOOKMARK [2][-]{subsection.7.7}{\376\377\000S\000e\000l\000f\000-\000S\000i\000g\000n\000e\000d\000\040\000C\000e\000r\000t\000i\000f\000i\000c\000a\000t\000e}{section.7}% 149
\BOOKMARK [2][-]{subsection.7.8}{\376\377\000O\000p\000e\000n\000S\000S\000L\000\040\000P\000r\000a\000c\000t\000i\000c\000a\000l\000\040\000A\000c\000t\000i\000v\000i\000t\000y}{section.7}% 150
\BOOKMARK [2][-]{subsection.7.9}{\376\377\000T\000B\000L\000\040\000P\000r\000e\000p\000a\000r\000a\000t\000i\000o\000n}{section.7}% 151
\BOOKMARK [1][-]{section.8}{\376\377\000U\000n\000i\000t\000\040\0008\000\040\040\024\000\040\000L\000i\000n\000e\000a\000r\000\040\000A\000l\000g\000e\000b\000r\000a\000\040\000f\000o\000r\000\040\000C\000r\000y\000p\000t\000o\000g\000r\000a\000p\000h\000y}{}% 152
\BOOKMARK [2][-]{subsection.8.1}{\376\377\000O\000p\000e\000n\000i\000n\000g\000\040\000I\000d\000e\000a\000:\000\040\000F\000o\000u\000r\000-\000D\000i\000g\000i\000t\000\040\000C\000o\000m\000b\000i\000n\000a\000t\000i\000o\000n\000\040\000L\000o\000c\000k}{section.8}% 153
\BOOKMARK [2][-]{subsection.8.2}{\376\377\000L\000i\000n\000e\000a\000r\000\040\000M\000a\000p\000p\000i\000n\000g\000s}{section.8}% 154
\BOOKMARK [3][-]{subsubsection.8.2.1}{\376\377\000V\000e\000c\000t\000o\000r\000s}{subsection.8.2}% 155
\BOOKMARK [3][-]{subsubsection.8.2.2}{\376\377\000V\000e\000c\000t\000o\000r\000-\000V\000a\000l\000u\000e\000d\000\040\000M\000a\000p\000p\000i\000n\000g\000s}{subsection.8.2}% 156
\BOOKMARK [3][-]{subsubsection.8.2.3}{\376\377\000L\000i\000n\000e\000a\000r\000i\000t\000y}{subsection.8.2}% 157
\BOOKMARK [3][-]{subsubsection.8.2.4}{\376\377\000Z\000e\000r\000o\000-\000i\000n\000,\000\040\000Z\000e\000r\000o\000-\000o\000u\000t}{subsection.8.2}% 158
\BOOKMARK [3][-]{subsubsection.8.2.5}{\376\377\000E\000x\000a\000m\000p\000l\000e\000s\000\040\000a\000n\000d\000\040\000N\000o\000n\000-\000E\000x\000a\000m\000p\000l\000e\000s}{subsection.8.2}% 159
\BOOKMARK [3][-]{subsubsection.8.2.6}{\376\377\000I\000n\000n\000e\000r\000\040\000P\000r\000o\000d\000u\000c\000t}{subsection.8.2}% 160
\BOOKMARK [3][-]{subsubsection.8.2.7}{\376\377\000A\000\040\000L\000i\000n\000e\000a\000r\000\040\000F\000u\000n\000c\000t\000i\000o\000n\000\040\000f\000r\000o\000m\000\040\000a\000n\000\040\000I\000n\000n\000e\000r\000\040\000P\000r\000o\000d\000u\000c\000t}{subsection.8.2}% 161
\BOOKMARK [2][-]{subsection.8.3}{\376\377\000M\000a\000t\000r\000i\000x\000\040\000R\000e\000p\000r\000e\000s\000e\000n\000t\000a\000t\000i\000o\000n\000\040\000o\000f\000\040\000L\000i\000n\000e\000a\000r\000i\000t\000y}{section.8}% 162
\BOOKMARK [3][-]{subsubsection.8.3.1}{\376\377\000M\000a\000t\000r\000i\000x\000-\000V\000e\000c\000t\000o\000r\000\040\000M\000u\000l\000t\000i\000p\000l\000i\000c\000a\000t\000i\000o\000n}{subsection.8.3}% 163
\BOOKMARK [3][-]{subsubsection.8.3.2}{\376\377\000E\000v\000e\000r\000y\000\040\000M\000a\000t\000r\000i\000x\000\040\000D\000e\000f\000i\000n\000e\000s\000\040\000a\000\040\000L\000i\000n\000e\000a\000r\000\040\000M\000a\000p}{subsection.8.3}% 164
\BOOKMARK [3][-]{subsubsection.8.3.3}{\376\377\000G\000e\000o\000m\000e\000t\000r\000i\000c\000\040\000T\000r\000a\000n\000s\000f\000o\000r\000m\000a\000t\000i\000o\000n\000s}{subsection.8.3}% 165
\BOOKMARK [3][-]{subsubsection.8.3.4}{\376\377\000C\000o\000n\000v\000e\000r\000s\000e\000\040\000T\000h\000e\000o\000r\000e\000m}{subsection.8.3}% 166
\BOOKMARK [3][-]{subsubsection.8.3.5}{\376\377\000A\000f\000f\000i\000n\000e\000\040\000F\000u\000n\000c\000t\000i\000o\000n\000s}{subsection.8.3}% 167
\BOOKMARK [3][-]{subsubsection.8.3.6}{\376\377\000C\000o\000m\000p\000o\000s\000i\000t\000i\000o\000n\000\040\000o\000f\000\040\000L\000i\000n\000e\000a\000r\000\040\000M\000a\000p\000s}{subsection.8.3}% 168
\BOOKMARK [2][-]{subsection.8.4}{\376\377\000D\000e\000t\000e\000r\000m\000i\000n\000a\000n\000t\000s\000\040\000a\000n\000d\000\040\000M\000a\000t\000r\000i\000x\000\040\000I\000n\000v\000e\000r\000s\000e\000s}{section.8}% 169
\BOOKMARK [3][-]{subsubsection.8.4.1}{\376\377\000D\000e\000t\000e\000r\000m\000i\000n\000a\000n\000t\000\040\000o\000f\000\040\000a\000\040\0002\0002\000\040\000M\000a\000t\000r\000i\000x}{subsection.8.4}% 170
\BOOKMARK [3][-]{subsubsection.8.4.2}{\376\377\000M\000i\000n\000o\000r\000\040\000a\000n\000d\000\040\000C\000o\000f\000a\000c\000t\000o\000r}{subsection.8.4}% 171
\BOOKMARK [3][-]{subsubsection.8.4.3}{\376\377\000C\000o\000f\000a\000c\000t\000o\000r\000\040\000E\000x\000p\000a\000n\000s\000i\000o\000n}{subsection.8.4}% 172
\BOOKMARK [3][-]{subsubsection.8.4.4}{\376\377\000C\000r\000a\000m\000e\000r\000'\000s\000\040\000R\000u\000l\000e}{subsection.8.4}% 173
\BOOKMARK [3][-]{subsubsection.8.4.5}{\376\377\000M\000a\000t\000r\000i\000x\000\040\000I\000n\000v\000e\000r\000s\000e\000\040\000b\000y\000\040\000C\000o\000f\000a\000c\000t\000o\000r\000s}{subsection.8.4}% 174
\BOOKMARK [2][-]{subsection.8.5}{\376\377\000S\000y\000m\000m\000e\000t\000r\000i\000c\000\040\000C\000i\000p\000h\000e\000r\000s}{section.8}% 175
\BOOKMARK [3][-]{subsubsection.8.5.1}{\376\377\000A\000f\000f\000i\000n\000e\000\040\000C\000i\000p\000h\000e\000r}{subsection.8.5}% 176
\BOOKMARK [3][-]{subsubsection.8.5.2}{\376\377\000H\000i\000l\000l\000\040\000C\000i\000p\000h\000e\000r}{subsection.8.5}% 177
\BOOKMARK [3][-]{subsubsection.8.5.3}{\376\377\000I\000n\000v\000e\000r\000t\000i\000b\000i\000l\000i\000t\000y\000\040\000M\000o\000d\000u\000l\000o\000\040\0002\0006}{subsection.8.5}% 178
\BOOKMARK [3][-]{subsubsection.8.5.4}{\376\377\000K\000n\000o\000w\000n\000-\000P\000l\000a\000i\000n\000t\000e\000x\000t\000\040\000V\000u\000l\000n\000e\000r\000a\000b\000i\000l\000i\000t\000y}{subsection.8.5}% 179
\BOOKMARK [3][-]{subsubsection.8.5.5}{\376\377\000C\000a\000e\000s\000a\000r\000\040\000w\000i\000t\000h\000\040\000a\000n\000\040\000I\000n\000c\000r\000e\000a\000s\000i\000n\000g\000\040\000S\000h\000i\000f\000t}{subsection.8.5}% 180
\BOOKMARK [3][-]{subsubsection.8.5.6}{\376\377\000O\000p\000t\000i\000o\000n\000a\000l\000\040\000E\000n\000i\000g\000m\000a\000\040\000M\000a\000t\000e\000r\000i\000a\000l}{subsection.8.5}% 181
\BOOKMARK [2][-]{subsection.8.6}{\376\377\000S\000e\000c\000r\000e\000t\000\040\000S\000h\000a\000r\000i\000n\000g}{section.8}% 182
\BOOKMARK [3][-]{subsubsection.8.6.1}{\376\377\000T\000w\000o\000-\000P\000o\000i\000n\000t\000\040\000I\000d\000e\000a}{subsection.8.6}% 183
\BOOKMARK [3][-]{subsubsection.8.6.2}{\376\377\000\050\000t\000,\000n\000\051\000\040\000T\000h\000r\000e\000s\000h\000o\000l\000d\000\040\000S\000e\000c\000r\000e\000t\000\040\000S\000h\000a\000r\000i\000n\000g}{subsection.8.6}% 184
\BOOKMARK [3][-]{subsubsection.8.6.3}{\376\377\000P\000o\000l\000y\000n\000o\000m\000i\000a\000l\000\040\000S\000e\000c\000r\000e\000t\000\040\000S\000h\000a\000r\000i\000n\000g}{subsection.8.6}% 185
\BOOKMARK [3][-]{subsubsection.8.6.4}{\376\377\000R\000e\000c\000o\000v\000e\000r\000y\000\040\000a\000s\000\040\000a\000\040\000L\000i\000n\000e\000a\000r\000\040\000A\000l\000g\000e\000b\000r\000a\000\040\000P\000r\000o\000b\000l\000e\000m}{subsection.8.6}% 186
\BOOKMARK [1][-]{section.9}{\376\377\000U\000n\000i\000t\000\040\0009\000\040\040\024\000\040\000E\000r\000r\000o\000r\000-\000C\000o\000r\000r\000e\000c\000t\000i\000n\000g\000\040\000C\000o\000d\000e\000s}{}% 187
\BOOKMARK [2][-]{subsection.9.1}{\376\377\000I\000n\000t\000r\000o\000d\000u\000c\000t\000i\000o\000n}{section.9}% 188
\BOOKMARK [3][-]{subsubsection.9.1.1}{\376\377\000\050\000n\000,\000k\000\051\000\040\000B\000i\000n\000a\000r\000y\000\040\000C\000o\000d\000e\000s}{subsection.9.1}% 189
\BOOKMARK [3][-]{subsubsection.9.1.2}{\376\377\000S\000i\000n\000g\000l\000e\000\040\000P\000a\000r\000i\000t\000y\000\040\000C\000h\000e\000c\000k\000\040\000R\000e\000v\000i\000s\000i\000t\000e\000d}{subsection.9.1}% 190
\BOOKMARK [3][-]{subsubsection.9.1.3}{\376\377\000C\000o\000d\000e\000\040\000R\000a\000t\000e}{subsection.9.1}% 191
\BOOKMARK [3][-]{subsubsection.9.1.4}{\376\377\000L\000i\000n\000e\000a\000r\000\040\000C\000o\000d\000e\000s}{subsection.9.1}% 192
\BOOKMARK [3][-]{subsubsection.9.1.5}{\376\377\000M\000a\000t\000r\000i\000x\000-\000M\000a\000t\000r\000i\000x\000\040\000M\000u\000l\000t\000i\000p\000l\000i\000c\000a\000t\000i\000o\000n}{subsection.9.1}% 193
\BOOKMARK [2][-]{subsection.9.2}{\376\377\000E\000r\000r\000o\000r\000\040\000D\000e\000t\000e\000c\000t\000i\000o\000n\000\040\000C\000a\000p\000a\000b\000i\000l\000i\000t\000y}{section.9}% 194
\BOOKMARK [3][-]{subsubsection.9.2.1}{\376\377\000W\000h\000y\000\040\000S\000i\000n\000g\000l\000e\000\040\000P\000a\000r\000i\000t\000y\000\040\000C\000a\000n\000\040\000F\000a\000i\000l}{subsection.9.2}% 195
\BOOKMARK [3][-]{subsubsection.9.2.2}{\376\377\000H\000a\000m\000m\000i\000n\000g\000\040\000D\000i\000s\000t\000a\000n\000c\000e\000\040\000i\000s\000\040\000a\000\040\000M\000e\000t\000r\000i\000c}{subsection.9.2}% 196
\BOOKMARK [3][-]{subsubsection.9.2.3}{\376\377\000M\000i\000n\000i\000m\000u\000m\000\040\000D\000i\000s\000t\000a\000n\000c\000e}{subsection.9.2}% 197
\BOOKMARK [2][-]{subsection.9.3}{\376\377\000E\000r\000r\000o\000r\000\040\000C\000o\000r\000r\000e\000c\000t\000i\000o\000n\000\040\000C\000a\000p\000a\000b\000i\000l\000i\000t\000y}{section.9}% 198
\BOOKMARK [3][-]{subsubsection.9.3.1}{\376\377\000\050\0005\000,\0001\000\051\000\040\000R\000e\000p\000e\000t\000i\000t\000i\000o\000n\000\040\000C\000o\000d\000e}{subsection.9.3}% 199
\BOOKMARK [3][-]{subsubsection.9.3.2}{\376\377\000R\000e\000p\000e\000t\000i\000t\000i\000o\000n\000\040\000w\000i\000t\000h\000\040\000a\000n\000\040\000E\000x\000t\000r\000a\000\040\000P\000a\000r\000i\000t\000y\000\040\000B\000i\000t}{subsection.9.3}% 200
\BOOKMARK [2][-]{subsection.9.4}{\376\377\000G\000e\000n\000e\000r\000a\000t\000o\000r\000\040\000M\000a\000t\000r\000i\000c\000e\000s\000\040\000f\000o\000r\000\040\000E\000n\000c\000o\000d\000i\000n\000g}{section.9}% 201
\BOOKMARK [3][-]{subsubsection.9.4.1}{\376\377\000I\000n\000j\000e\000c\000t\000i\000v\000i\000t\000y\000\040\000o\000f\000\040\000E\000n\000c\000o\000d\000i\000n\000g}{subsection.9.4}% 202
\BOOKMARK [3][-]{subsubsection.9.4.2}{\376\377\000L\000i\000n\000e\000a\000r\000\040\000C\000o\000d\000e\000s\000\040\000a\000s\000\040\000V\000e\000c\000t\000o\000r\000\040\000S\000u\000b\000s\000p\000a\000c\000e\000s}{subsection.9.4}% 203
\BOOKMARK [3][-]{subsubsection.9.4.3}{\376\377\000M\000i\000n\000i\000m\000u\000m\000\040\000D\000i\000s\000t\000a\000n\000c\000e\000\040\000o\000f\000\040\000a\000\040\000L\000i\000n\000e\000a\000r\000\040\000C\000o\000d\000e}{subsection.9.4}% 204
\BOOKMARK [2][-]{subsection.9.5}{\376\377\000P\000a\000r\000i\000t\000y\000-\000C\000h\000e\000c\000k\000\040\000M\000a\000t\000r\000i\000c\000e\000s\000\040\000f\000o\000r\000\040\000D\000e\000c\000o\000d\000i\000n\000g}{section.9}% 205
\BOOKMARK [3][-]{subsubsection.9.5.1}{\376\377\000P\000a\000r\000i\000t\000y\000-\000C\000h\000e\000c\000k\000\040\000E\000q\000u\000a\000t\000i\000o\000n}{subsection.9.5}% 206
\BOOKMARK [3][-]{subsubsection.9.5.2}{\376\377\000S\000i\000m\000p\000l\000e\000\040\000P\000a\000r\000i\000t\000y\000\040\000E\000x\000a\000m\000p\000l\000e}{subsection.9.5}% 207
\BOOKMARK [3][-]{subsubsection.9.5.3}{\376\377\000S\000y\000s\000t\000e\000m\000a\000t\000i\000c\000\040\000F\000o\000r\000m}{subsection.9.5}% 208
\BOOKMARK [3][-]{subsubsection.9.5.4}{\376\377\000G\000e\000n\000e\000r\000a\000t\000o\000r\000\040\000M\000a\000t\000r\000i\000x\000\040\000o\000f\000\040\000t\000h\000e\000\040\000\050\0005\000,\0002\000\051\000\040\000E\000x\000a\000m\000p\000l\000e}{subsection.9.5}% 209
\BOOKMARK [3][-]{subsubsection.9.5.5}{\376\377\000S\000y\000n\000d\000r\000o\000m\000e\000\040\000E\000x\000a\000m\000p\000l\000e}{subsection.9.5}% 210
\BOOKMARK [2][-]{subsection.9.6}{\376\377\000M\000o\000r\000e\000\040\000o\000n\000\040\000H\000a\000m\000m\000i\000n\000g\000\040\000C\000o\000d\000e\000s}{section.9}% 211
\BOOKMARK [3][-]{subsubsection.9.6.1}{\376\377\000T\000h\000e\000\040\000\050\0007\000,\0004\000\051\000\040\000H\000a\000m\000m\000i\000n\000g\000\040\000C\000o\000d\000e}{subsection.9.6}% 212
\BOOKMARK [3][-]{subsubsection.9.6.2}{\376\377\000H\000a\000m\000m\000i\000n\000g\000\040\000C\000o\000d\000e\000\040\000C\000a\000p\000a\000b\000i\000l\000i\000t\000y}{subsection.9.6}% 213
\BOOKMARK [3][-]{subsubsection.9.6.3}{\376\377\000P\000a\000r\000i\000t\000y\000-\000C\000h\000e\000c\000k\000\040\000M\000a\000t\000r\000i\000x}{subsection.9.6}% 214
\BOOKMARK [3][-]{subsubsection.9.6.4}{\376\377\000S\000i\000n\000g\000l\000e\000-\000B\000i\000t\000\040\000S\000y\000n\000d\000r\000o\000m\000e\000\040\000D\000e\000c\000o\000d\000i\000n\000g}{subsection.9.6}% 215
\BOOKMARK [3][-]{subsubsection.9.6.5}{\376\377\000U\000n\000i\000t\000\040\0001\000\040\000/\000\040\000T\000e\000s\000t\000\040\0001\000\040\000H\000a\000m\000m\000i\000n\000g\000\040\000E\000x\000a\000m\000p\000l\000e\000\040\000R\000e\000v\000i\000s\000i\000t\000e\000d}{subsection.9.6}% 216
\BOOKMARK [3][-]{subsubsection.9.6.6}{\376\377\000E\000r\000r\000o\000r\000\040\000D\000e\000t\000e\000c\000t\000i\000o\000n\000\040\000v\000e\000r\000s\000u\000s\000\040\000C\000o\000r\000r\000e\000c\000t\000i\000o\000n\000\040\000T\000r\000a\000d\000e\000-\000o\000f\000f}{subsection.9.6}% 217
\BOOKMARK [1][-]{section.10}{\376\377\000C\000r\000o\000s\000s\000-\000U\000n\000i\000t\000\040\000E\000x\000a\000m\000\040\000W\000o\000r\000k\000f\000l\000o\000w}{}% 218
\BOOKMARK [2][-]{subsection.10.1}{\376\377\000P\000r\000o\000v\000i\000n\000g\000\040\000a\000\040\000F\000u\000n\000c\000t\000i\000o\000n\000\040\000i\000s\000\040\000I\000n\000j\000e\000c\000t\000i\000v\000e}{section.10}% 219
\BOOKMARK [2][-]{subsection.10.2}{\376\377\000P\000r\000o\000v\000i\000n\000g\000\040\000a\000\040\000F\000u\000n\000c\000t\000i\000o\000n\000\040\000i\000s\000\040\000S\000u\000r\000j\000e\000c\000t\000i\000v\000e}{section.10}% 220
\BOOKMARK [2][-]{subsection.10.3}{\376\377\000P\000r\000o\000v\000i\000n\000g\000\040\000a\000n\000\040\000E\000q\000u\000i\000v\000a\000l\000e\000n\000c\000e\000\040\000R\000e\000l\000a\000t\000i\000o\000n}{section.10}% 221
\BOOKMARK [2][-]{subsection.10.4}{\376\377\000F\000i\000n\000d\000i\000n\000g\000\040\000a\000n\000\040\000E\000q\000u\000i\000v\000a\000l\000e\000n\000c\000e\000\040\000C\000l\000a\000s\000s}{section.10}% 222
\BOOKMARK [2][-]{subsection.10.5}{\376\377\000E\000x\000t\000e\000n\000d\000e\000d\000\040\000E\000u\000c\000l\000i\000d\000e\000a\000n\000\040\000A\000l\000g\000o\000r\000i\000t\000h\000m}{section.10}% 223
\BOOKMARK [2][-]{subsection.10.6}{\376\377\000F\000i\000n\000d\000i\000n\000g\000\040\000a\000\040\000M\000o\000d\000u\000l\000a\000r\000\040\000I\000n\000v\000e\000r\000s\000e}{section.10}% 224
\BOOKMARK [2][-]{subsection.10.7}{\376\377\000M\000o\000d\000u\000l\000a\000r\000\040\000E\000x\000p\000o\000n\000e\000n\000t\000i\000a\000t\000i\000o\000n}{section.10}% 225
\BOOKMARK [2][-]{subsection.10.8}{\376\377\000R\000S\000A}{section.10}% 226
\BOOKMARK [2][-]{subsection.10.9}{\376\377\000D\000i\000f\000f\000i\000e\000-\000H\000e\000l\000l\000m\000a\000n}{section.10}% 227
\BOOKMARK [2][-]{subsection.10.10}{\376\377\000C\000R\000T}{section.10}% 228
\BOOKMARK [2][-]{subsection.10.11}{\376\377\000E\000r\000r\000o\000r\000-\000C\000o\000r\000r\000e\000c\000t\000i\000n\000g\000\040\000C\000o\000d\000e\000s}{section.10}% 229
\BOOKMARK [2][-]{subsection.10.12}{\376\377\000E\000x\000a\000m\000-\000S\000t\000y\000l\000e\000\040\000C\000o\000v\000e\000r\000a\000g\000e}{section.10}% 230
\BOOKMARK [1][-]{section.11}{\376\377\000Q\000u\000i\000c\000k\000\040\000F\000o\000r\000m\000u\000l\000a\000\040\000a\000n\000d\000\040\000D\000e\000f\000i\000n\000i\000t\000i\000o\000n\000\040\000R\000e\000f\000e\000r\000e\000n\000c\000e}{}% 231
\BOOKMARK [2][-]{subsection.11.1}{\376\377\000F\000u\000n\000c\000t\000i\000o\000n\000s}{section.11}% 232
\BOOKMARK [2][-]{subsection.11.2}{\376\377\000R\000e\000l\000a\000t\000i\000o\000n\000s}{section.11}% 233
\BOOKMARK [2][-]{subsection.11.3}{\376\377\000D\000i\000v\000i\000s\000i\000b\000i\000l\000i\000t\000y\000\040\000a\000n\000d\000\040\000G\000C\000D}{section.11}% 234
\BOOKMARK [2][-]{subsection.11.4}{\376\377\000M\000o\000d\000u\000l\000a\000r\000\040\000A\000r\000i\000t\000h\000m\000e\000t\000i\000c}{section.11}% 235
\BOOKMARK [2][-]{subsection.11.5}{\376\377\000R\000S\000A}{section.11}% 236
\BOOKMARK [2][-]{subsection.11.6}{\376\377\000D\000i\000f\000f\000i\000e\000-\000H\000e\000l\000l\000m\000a\000n}{section.11}% 237
\BOOKMARK [2][-]{subsection.11.7}{\376\377\000E\000l\000\040\000G\000a\000m\000a\000l}{section.11}% 238
\BOOKMARK [2][-]{subsection.11.8}{\376\377\000L\000i\000n\000e\000a\000r\000\040\000A\000l\000g\000e\000b\000r\000a}{section.11}% 239
\BOOKMARK [2][-]{subsection.11.9}{\376\377\000E\000r\000r\000o\000r\000-\000C\000o\000r\000r\000e\000c\000t\000i\000n\000g\000\040\000C\000o\000d\000e\000s}{section.11}% 240
\BOOKMARK [1][-]{section.12}{\376\377\000S\000o\000u\000r\000c\000e\000\040\000C\000o\000v\000e\000r\000a\000g\000e\000\040\000M\000a\000p}{}% 241
